// Jest Snapshot v1, https://goo.gl/fbAQLP

exports[`Testing ChildComponent Snapshot 1`] = `
<div>
  <div
    onClick={[Function]}
  >
    <span>
      Statenya jadi jonny: 
      jonny
    </span>
  </div>
  <div>
    Ini div kedua
  </div>
</div>
`;
